[2020/1/2 - 11:22:4] Registros: Lucas Becerra ha creado la casa ID 0.
[2020/1/2 - 11:22:14] Registros: Lucas Becerra ha creado la casa ID 1.
[2020/1/2 - 11:22:24] Registros: Lucas Becerra ha creado la casa ID 2.
[2020/1/2 - 11:22:30] Registros: Lucas Becerra ha creado la casa ID 3.
[2020/1/3 - 1:26:11] Registros: Lucas Becerra ha creado la casa ID 4.
[2020/1/3 - 1:26:30]  Administrator Lucas Becerra ha suprimido su casa ranura 1.
[2020/1/3 - 1:26:38] Registros: Lucas Becerra ha creado la casa ID 4.
[2020/1/4 - 5:33:44] Registros: Annie ha creado la casa ID 5.
[2020/1/4 - 5:34:11]  Administrator Annie ha suprimido su casa ranura 1.
[2020/1/4 - 7:5:30] Registros: Templario ha creado la casa ID 5.
[2020/1/4 - 7:8:26] Registros: Templario ha creado la casa ID 6.
[2020/1/21 - 7:20:27] Registros: Lucas Becerra ha creado la casa ID 7.
[2020/2/8 - 5:45:53] Registros: Lucas Becerra ha creado la casa ID 8.
[2020/2/8 - 5:47:44] 
[2020/2/8 - 5:51:56] Registros: Lucas Becerra ha creado la casa ID 8.
[2020/2/22 - 19:40:48] Registros: Lucas Buenardo ha creado la casa ID 9.
[2020/2/24 - 15:23:21]  Administrator Annie Foster ha suprimido su casa ranura 1.
[2020/2/24 - 16:6:34]  Administrator Lucas Buenardo ha suprimido su casa ranura 2.
[2020/2/24 - 16:12:8] 
[2020/2/24 - 16:12:37] Registros: Lucas Buenardo ha creado la casa ID 4.
[2020/2/24 - 16:13:15] 
[2020/2/24 - 16:13:23] Registros: Lucas Buenardo ha creado la casa ID 4.
[2020/2/24 - 16:13:46]  Administrator Lucas Buenardo ha suprimido su casa ranura 2.
[2020/2/24 - 16:13:55] Registros: Lucas Buenardo ha creado la casa ID 4.
[2020/2/24 - 16:14:37]  Administrator Lucas Buenardo ha suprimido su casa ranura 2.
[2020/2/24 - 16:14:39] Registros: Lucas Buenardo ha creado la casa ID 4.
[2020/2/24 - 16:16:3] Registros: Lucas Buenardo ha creado la casa ID 5.
[2020/2/24 - 16:16:12]  Administrator Lucas Buenardo ha suprimido su casa ranura 1.
[2020/3/7 - 4:26:47] Registros: Patricia Valor ha creado la casa ID 5.
[2020/3/7 - 4:32:23]  Administrator Patricia Valor ha suprimido su casa ranura 1.
[2020/3/7 - 9:7:4] 
[2020/3/7 - 9:7:13] Registros: Patricia Valor ha creado la casa ID 5.
[2020/3/7 - 11:29:26] Registros: Patricia Valor ha creado la casa ID 7.
[2020/3/7 - 11:29:59] Registros: Patricia Valor ha creado la casa ID 9.
[2021/2/28 - 14:34:46] 
[2021/2/28 - 14:35:3]  Administrator Lucas Becerra ha suprimido su casa ranura 2.
[2021/8/5 - 20:3:7]  Administrator Lucas Becerra ha suprimido su casa ranura 1.
[2021/8/5 - 20:3:16] Registros: Lucas Becerra ha creado la casa ID 4.
[2021/8/5 - 21:16:57] Registros: Lucas Becerra ha creado la casa ID 7.
[2021/8/5 - 21:17:22] Registros: Lucas Becerra ha creado la casa ID 8.
[2021/8/5 - 21:17:32] Registros: Lucas Becerra ha creado la casa ID 10.
[2021/8/5 - 21:17:37] Registros: Lucas Becerra ha creado la casa ID 11.
[2021/8/5 - 21:17:54] Registros: Lucas Becerra ha creado la casa ID 12.
[2021/8/5 - 21:18:1] Registros: Lucas Becerra ha creado la casa ID 13.
[2021/8/5 - 21:18:10] Registros: Lucas Becerra ha creado la casa ID 14.
[2021/8/6 - 12:21:19] Registros: Lucas Becerra ha creado la casa ID 15.
[2021/8/6 - 12:22:45] Registros: Lucas Becerra ha creado la casa ID 16.
[2021/8/6 - 12:24:1] 
[2021/8/6 - 12:24:12] Registros: Lucas Becerra ha creado la casa ID 16.
[2021/8/6 - 12:24:25] Registros: Lucas Becerra ha creado la casa ID 17.
[2021/8/6 - 12:24:29] Registros: Lucas Becerra ha creado la casa ID 18.
[2021/8/6 - 12:24:36] Registros: Lucas Becerra ha creado la casa ID 19.
[2021/8/6 - 12:24:47] 
[2021/8/6 - 12:24:48] 
[2021/8/6 - 12:24:52] 
[2021/8/6 - 12:24:55] 
[2021/8/6 - 12:25:17] Registros: Lucas Becerra ha creado la casa ID 16.
[2021/8/6 - 12:25:31] 
[2021/8/6 - 12:25:34] Registros: Lucas Becerra ha creado la casa ID 16.
