[2020/1/2 - 10:48:33] Leonel Screwp: .
[2020/1/2 - 20:37:21] Templario: asd
[2020/1/2 - 21:15:1] Lucas Becerra: .
[2020/1/2 - 21:19:50] Lucas Becerra: .
[2020/1/2 - 21:22:7] Lucas Becerra: -
[2020/1/2 - 21:45:59] Lucas Becerra: .
[2020/1/3 - 1:29:14] Lucas Becerra: .
[2020/1/3 - 7:12:7] Lucas Becerra: .
[2020/1/4 - 0:21:36] Lucas Becerra: -
[2020/1/4 - 5:15:53] Lucas Becerra: .
[2020/1/4 - 5:15:57] Annie Foster: verga
[2020/1/4 - 5:56:37] Annie: Navy SEAL
[2020/1/4 - 5:56:46] Lucas Becerra: Marina Armada
[2020/1/4 - 5:56:56] Annie: Regimineto de asalto aereo 601
[2020/1/4 - 6:36:48] Lucas Becerra: venga
[2020/1/4 - 6:46:51] Templario: /me estaba muy acelerado y remato a Annie en el piso
[2020/1/4 - 6:48:35] Templario: LA EDAD Y LOS AÑOS
[2020/1/4 - 6:48:37] Templario: SKDAJDKASJDKAJ
[2020/1/7 - 0:45:56] Annie Foster: .
[2020/1/17 - 10:46:47] Lucas Becerra: .
[2020/1/20 - 15:37:18] Lucas Becerra: o.
[2020/1/20 - 15:42:55] Lucas Becerra: .
[2020/1/20 - 15:46:17] Lucas Becerra: .
[2020/1/21 - 6:12:36] Lucas Becerra: -
[2020/1/24 - 17:46:31] Jennifer Lawrence: /staff
[2020/2/7 - 12:32:40] Rodrigo Morgan: eres un hombre sin cultura
[2020/2/7 - 12:32:52] Lucas Becerra: que
[2020/2/7 - 12:32:56] Lucas Becerra: aguante nextgaming
[2020/2/7 - 12:33:5] Rodrigo Morgan: nunca juge eso xd
[2020/2/7 - 12:33:13] Rodrigo Morgan: pelotudo -13 de ping
[2020/2/7 - 12:33:16] Rodrigo Morgan: xd
[2020/2/7 - 12:33:20] Lucas Becerra: aguante nextgaming
[2020/2/7 - 12:36:37] Rodrigo Morgan: su madre me dolio
[2020/2/7 - 12:36:42] Lucas Becerra: el q
[2020/2/7 - 12:36:46] Rodrigo Morgan: nunca me habian sacado del staff :c
[2020/2/8 - 5:42:44] Lucas Becerra: /alogin
[2020/2/11 - 10:2:33] Annie Foster: .
[2020/3/5 - 3:20:11] Lucas Becerra: /alogin
[2020/3/5 - 3:32:46] Lucas Becerra: veni
[2020/3/5 - 4:4:44] Lucas Becerra: .
[2020/3/5 - 4:12:53] Lucas Becerra: /condinero
[2020/3/5 - 23:29:45] Lucas Becerra: asdsa
[2020/3/7 - 4:10:39] Patricia Valor: -
[2020/3/7 - 4:10:46] Patricia Valor: te escucho entrecortado jaja
[2020/3/7 - 4:14:18] Patricia Valor: /jetpack
[2020/3/7 - 4:17:11] Patricia Valor: /pantalla - mostrar frecuencia
[2020/3/7 - 4:38:46] Patricia Valor: es /fmotor
[2020/3/7 - 4:39:13] Patricia Valor: /fmotor
[2020/3/7 - 4:58:17] Patricia Valor: /ls
[2021/2/26 - 16:13:59] Lucas Becerra: xd
[2021/2/26 - 16:14:4] Lucas Becerra: no
[2021/8/2 - 16:9:46] Lucas Becerra: -
