[2020/1/4 - 5:24:12] Registros: Annie ha creado un objeto [Nombre: UZI] [Cantidad: 999]
[2020/1/4 - 5:24:47] Registros: Annie ha creado un objeto [Nombre: Desert Eagle] [Cantidad: 333]
[2020/1/4 - 5:26:0] Registros: Annie ha creado un objeto [Nombre: C. Cigarrillos] [Cantidad: 3]
[2020/1/4 - 5:26:10] Registros: Annie ha creado un objeto [Nombre: C. Cargadores UZI] [Cantidad: 3]
[2020/1/4 - 5:45:19] Registros: Annie ha creado un objeto [Nombre: Escopeta] [Cantidad: 99]
[2020/1/4 - 5:45:54] Registros: Annie ha creado un objeto [Nombre: C. Escopeta de combate] [Cantidad: 999]
[2020/1/4 - 5:47:12] Registros: Annie ha creado un objeto [Nombre: AK47] [Cantidad: 9999]
[2020/1/4 - 5:49:3] Registros: Annie ha creado un objeto [Nombre: Desert Eagle] [Cantidad: 999]
[2020/1/7 - 0:19:56] Registros: Lucas Becerra ha creado un objeto [Nombre: Caña de pesca] [Cantidad: 1]
[2020/1/7 - 0:41:49] Registros: Templario ha creado un objeto [Nombre: Desert Eagle] [Cantidad: 444]
[2020/1/7 - 0:54:42] Registros: Lucas Becerra ha creado un objeto [Nombre: Desert Eagle] [Cantidad: 1000]
[2020/1/7 - 0:55:51] Registros: Templario ha creado un objeto [Nombre: Escopeta] [Cantidad: 33]
[2020/1/10 - 8:39:29] Registros: Lucas Becerra ha creado un objeto [Nombre: Desert Eagle] [Cantidad: 1000]
[2020/1/21 - 7:39:21] Registros: Lucas Becerra ha creado un objeto [Nombre: Minigun] [Cantidad: 100]
[2020/1/24 - 16:36:39] Registros: Lucas Becerra ha creado un objeto [Nombre: RPG Cohete] [Cantidad: 100]
[2020/1/24 - 16:44:14] Registros: Annie Foster ha creado un objeto [Nombre: AK47] [Cantidad: 999999]
[2020/1/24 - 16:45:31] Registros: Annie Foster ha creado un objeto [Nombre: M4] [Cantidad: 77777]
[2020/1/24 - 16:51:33] Registros: Annie Foster ha creado un objeto [Nombre: M4] [Cantidad: 7777]
[2020/1/24 - 16:58:14] Registros: Jennifer Lawrence ha creado un objeto [Nombre: MP5K] [Cantidad: 199]
[2020/1/24 - 17:0:49] Registros: Annie Foster ha creado un objeto [Nombre: Desert Eagle] [Cantidad: 555]
[2020/1/24 - 17:3:18] Registros: Jennifer Lawrence ha creado un objeto [Nombre: Desert Eagle] [Cantidad: 100]
[2020/1/24 - 17:13:38] Registros: Jennifer Lawrence ha creado un objeto [Nombre: Desert Eagle] [Cantidad: 10]
[2020/1/24 - 17:14:9] Registros: Jennifer Lawrence ha creado un objeto [Nombre: Desert Eagle] [Cantidad: 10]
[2020/1/24 - 17:14:14] Registros: Jefferson McQueen ha creado un objeto [Nombre: Desert Eagle] [Cantidad: 9999]
[2020/1/24 - 17:15:27] Registros: Jefferson McQueen ha creado un objeto [Nombre: M4] [Cantidad: 9999]
[2020/1/24 - 17:20:44] Registros: Jennifer Lawrence ha creado un objeto [Nombre: Desert Eagle] [Cantidad: 100]
[2020/1/24 - 17:24:23] Registros: Jefferson McQueen ha creado un objeto [Nombre: Desert Eagle] [Cantidad: 9999]
[2020/1/24 - 17:30:23] Registros: Jennifer Lawrence ha creado un objeto [Nombre: Desert Eagle] [Cantidad: 100]
[2020/1/24 - 17:30:56] Registros: Jennifer Lawrence ha creado un objeto [Nombre: Desert Eagle] [Cantidad: 100]
[2020/1/24 - 17:31:28] Registros: Jefferson McQueen ha creado un objeto [Nombre: Escopeta de combate] [Cantidad: 9999]
[2020/1/24 - 17:31:44] Registros: Jennifer Lawrence ha creado un objeto [Nombre: Escopeta de combate] [Cantidad: 100]
[2020/2/7 - 9:47:55] Registros: Lucas Becerra ha creado un objeto [Nombre: Cargador 45. Colt] [Cantidad: 10]
[2020/2/7 - 10:8:19] Registros: Lucas Becerra ha creado un objeto [Nombre: C4] [Cantidad: 1]
[2020/2/7 - 10:54:45] Registros: Lucas Becerra ha creado un objeto [Nombre: Caja vacía] [Cantidad: 100]
[2020/2/7 - 10:57:23] Registros: Lucas Becerra ha creado un objeto [Nombre: Caja vacía] [Cantidad: 12]
[2020/2/7 - 11:12:36] Registros: Lucas Becerra ha creado un objeto [Nombre: Caja vacía] [Cantidad: 1]
[2020/2/7 - 11:15:16] Registros: Lucas Becerra ha creado un objeto [Nombre: Caja vacía] [Cantidad: 10]
[2020/2/8 - 4:13:48] Registros: Lucas Becerra ha creado un objeto [Nombre: C4] [Cantidad: 1]
[2020/2/8 - 4:33:24] Registros: Lucas Becerra ha creado un objeto [Nombre: Caja vacía] [Cantidad: 1]
[2020/2/8 - 5:29:35] Registros: Lucas Becerra ha creado un objeto [Nombre: C4] [Cantidad: 1]
[2020/2/8 - 5:45:27] Registros: Lucas Becerra ha creado un objeto [Nombre: C4] [Cantidad: 1]
[2020/2/8 - 5:45:37] Registros: Lucas Becerra ha creado un objeto [Nombre: C4] [Cantidad: 1]
[2020/2/8 - 7:53:22] Registros: Lucas Becerra ha creado un objeto [Nombre: C4] [Cantidad: 1]
[2020/2/8 - 8:3:15] Registros: Lucas Becerra ha creado un objeto [Nombre: C4] [Cantidad: 1]
[2020/2/8 - 8:5:54] Registros: Lucas Becerra ha creado un objeto [Nombre: C4] [Cantidad: 1]
[2020/2/21 - 16:15:18] Registros: Lucas Buenardo ha creado un objeto [Nombre: C4] [Cantidad: 1]
[2020/2/22 - 19:51:31] Registros: Lucas Buenardo ha creado un objeto [Nombre: Caja vacía] [Cantidad: 1]
[2020/2/24 - 14:9:2] Registros: Lucas Buenardo ha creado un objeto [Nombre: Autografo de Lucas] [Cantidad: 1]
[2020/2/24 - 16:30:19] Registros: Lucas Buenardo ha creado un objeto [Nombre: Palo de golf] [Cantidad: 1]
[2020/2/24 - 16:38:52] Registros: Lucas Buenardo ha creado un objeto [Nombre: Semilla marihuana] [Cantidad: 1000]
[2020/2/24 - 16:53:45] Registros: Lucas Buenardo ha creado un objeto [Nombre: UZI] [Cantidad: 1]
[2020/2/24 - 16:54:9] Registros: Lucas Buenardo ha creado un objeto [Nombre: Cargador UZI] [Cantidad: 1]
[2020/2/24 - 16:54:21] Registros: Lucas Buenardo ha creado un objeto [Nombre: Cargador UZI] [Cantidad: 1111]
[2020/2/24 - 21:52:55] Registros: Lucas Buenardo ha creado un objeto [Nombre: Cargador UZI] [Cantidad: 100]
[2020/2/29 - 16:21:57] Registros: Annie Foster ha creado un objeto [Nombre: Jetpack] [Cantidad: 1]
[2020/3/3 - 4:4:33] Registros: Annie Foster ha creado un objeto [Nombre: Ganzua] [Cantidad: 1]
[2020/3/5 - 3:26:46] Registros: Lucas Becerra ha creado un objeto [Nombre: C4] [Cantidad: 1]
[2020/3/5 - 3:28:26] Registros: Lucas Becerra ha creado un objeto [Nombre: Porro] [Cantidad: 1]
[2020/3/5 - 3:28:33] Registros: Lucas Becerra ha creado un objeto [Nombre: Autografo de Lucas] [Cantidad: 1]
[2020/3/5 - 3:28:56] Registros: Lucas Becerra ha creado un objeto [Nombre: Jetpack] [Cantidad: 1]
[2020/3/5 - 4:33:54] Registros: Lucas Becerra ha creado un objeto [Nombre: Jetpack] [Cantidad: 1]
[2020/3/5 - 4:34:3] Registros: Lucas Becerra ha creado un objeto [Nombre: Autografo de Lucas] [Cantidad: 1]
[2020/3/5 - 4:34:10] Registros: Lucas Becerra ha creado un objeto [Nombre: C4] [Cantidad: 1]
[2020/3/7 - 4:9:49] Registros: Patricia Valor ha creado un objeto [Nombre: Jetpack] [Cantidad: 1]
[2020/3/7 - 4:26:31] Registros: Patricia Valor ha creado un objeto [Nombre: C4] [Cantidad: 1]
[2020/3/7 - 4:28:40] Registros: Patricia Valor ha creado un objeto [Nombre: Porro] [Cantidad: 1]
[2020/3/7 - 4:29:0] Registros: Patricia Valor ha creado un objeto [Nombre: Porro] [Cantidad: 1]
[2020/3/7 - 4:29:4] Registros: Patricia Valor ha creado un objeto [Nombre: Porro] [Cantidad: 1]
[2020/3/7 - 4:55:0] Registros: Patricia Valor ha creado un objeto [Nombre: RPG Cohete] [Cantidad: 100]
[2020/3/7 - 4:56:33] Registros: Patricia Valor ha creado un objeto [Nombre: Desert Eagle] [Cantidad: 1]
[2020/3/7 - 4:56:35] Registros: Patricia Valor ha creado un objeto [Nombre: Desert Eagle] [Cantidad: 1]
[2020/3/7 - 4:56:53] Registros: Patricia Valor ha creado un objeto [Nombre: Desert Eagle] [Cantidad: 100]
[2020/3/7 - 4:56:56] Registros: Patricia Valor ha creado un objeto [Nombre: Desert Eagle] [Cantidad: 100]
[2020/3/7 - 5:12:22] Registros: Patricia Valor ha creado un objeto [Nombre: Desert Eagle] [Cantidad: 100]
[2020/3/7 - 11:22:36] Registros: Patricia Valor ha creado un objeto [Nombre: Desert Eagle] [Cantidad: 1]
[2020/3/7 - 11:22:39] Registros: Patricia Valor ha creado un objeto [Nombre: Desert Eagle] [Cantidad: 199]
[2020/3/10 - 6:58:45] Registros: Patricia Valor ha creado un objeto [Nombre: Teléfono] [Cantidad: 1]
[2021/2/26 - 16:40:53] Registros: Lucas Becerra ha creado un objeto [Nombre: Autografo de Lucas] [Cantidad: 1]
[2021/3/10 - 21:37:43] Registros: Lucas Becerra ha creado un objeto [Nombre: Jetpack] [Cantidad: 1]
[2021/7/26 - 17:56:11] Registros: Lucas Becerra ha creado un objeto [Nombre: Jetpack] [Cantidad: 1]
[2021/8/2 - 16:17:48] Registros: Lucas Becerra ha creado un objeto [Nombre: Autografo de Lucas] [Cantidad: 1]
[2021/8/10 - 14:41:29] Registros: Lucas Becerra ha creado un objeto [Nombre: Autografo de Lucas] [Cantidad: 1]
[2021/8/10 - 14:42:2] Registros: Lucas Becerra ha creado un objeto [Nombre: C4] [Cantidad: 1]
