[2020/1/2 - 20:36:44] Registros: El administrador Lucas Becerra le otorgo a Templario un puesto en el Staff nivel 5.
[2020/1/6 - 23:30:51] Registros: El administrador Lucas Becerra le otorgo a Ismael Takanashi un puesto en el Staff nivel 5.
[2020/1/24 - 16:28:13] Registros: El administrador Annie Foster le otorgo a Annie Foster un puesto en el Staff nivel 0.
[2020/2/7 - 12:27:30] Registros: El administrador Lucas Becerra le otorgo a Rodrigo Morgan un puesto en el Staff nivel 5.
[2020/2/8 - 5:42:54] Registros: El administrador Lucas Becerra le otorgo a Ismael Takanashi un puesto en el Staff nivel 5.
[2020/3/5 - 4:0:42] Registros: El administrador Lucas Becerra le otorgo a Noah Brown un puesto en el Staff nivel 5.
[2020/3/7 - 4:5:15] Registros: El administrador Patricia Valor le otorgo a Maximo Rothwell un puesto en el Staff nivel 10.
[2020/3/7 - 4:14:16] Registros: El administrador Patricia Valor le otorgo a Jacob Rothwell un puesto en el Staff nivel 1.
[2020/3/7 - 4:14:47] Registros: El administrador Patricia Valor le otorgo a Jacob Rothwell un puesto en el Staff nivel 4.
[2021/8/5 - 19:56:58] Registros: El administrador Lucas Becerra le otorgo a Lucas Becerra un puesto en el Staff nivel 10.
[2021/8/5 - 23:9:37] Registros: El administrador Lucas Becerra le otorgo a Lucas Becerra un puesto en el Staff nivel 1.
[2021/8/5 - 23:9:43] Registros: El administrador Lucas Becerra le otorgo a Lucas Becerra un puesto en el Staff nivel 2.
[2021/8/5 - 23:9:48] Registros: El administrador Lucas Becerra le otorgo a Lucas Becerra un puesto en el Staff nivel 3.
[2021/8/5 - 23:9:52] Registros: El administrador Lucas Becerra le otorgo a Lucas Becerra un puesto en el Staff nivel 4.
[2021/8/5 - 23:9:55] Registros: El administrador Lucas Becerra le otorgo a Lucas Becerra un puesto en el Staff nivel 5.
[2021/8/5 - 23:10:1] Registros: El administrador Lucas Becerra le otorgo a Lucas Becerra un puesto en el Staff nivel 10.
[2021/8/6 - 12:54:17] Registros: El administrador Lucas Becerra le otorgo a Lucas Becerra un puesto en el Staff nivel 1.
[2021/8/6 - 12:55:14] Registros: El administrador Lucas Becerra le otorgo a Lucas Becerra un puesto en el Staff nivel 10.
[2021/8/6 - 14:56:16] Registros: El administrador Lucas Becerra le otorgo a Lucas Becerra un puesto en el Staff nivel 0.
[2021/8/6 - 14:57:49] Registros: El administrador Lucas Becerra le otorgo a Lucas Becerra un puesto en el Staff nivel 10.
[2021/8/6 - 14:58:4] Registros: El administrador Lucas Becerra le otorgo a Lucas Becerra un puesto en el Staff nivel 0.
