[2020/1/2 - 11:20:18] Registros: Lucas Becerra le cedio la cantidad de 450000$ a Lucas Becerra. (ON)
[2020/1/4 - 6:55:30] Registros: Lucas Becerra le cedio la cantidad de 100000$ a Lucas Becerra. (ON)
[2020/1/24 - 17:17:28] Registros: Lucas Becerra le cedio la cantidad de 10000$ a Lucas Becerra. (ON)
[2020/1/24 - 17:17:31] Registros: Lucas Becerra le cedio la cantidad de 100000000$ a Lucas Becerra. (ON)
[2020/2/3 - 6:22:36] Registros: Lucas Becerra le cedio la cantidad de 1000000$ a Lucas Becerra. (ON)
[2020/2/3 - 6:22:40] Registros: Lucas Becerra le cedio la cantidad de 1000000$ a Lucas Becerra. (ON)
[2020/2/8 - 4:27:8] Registros: Lucas Becerra le cedio la cantidad de 10$ a Lucas Becerra. (ON)
[2020/2/8 - 4:31:50] Registros: Lucas Becerra le cedio la cantidad de 10000$ a Lucas Becerra. (ON)
[2020/2/8 - 5:52:34] Registros: Lucas Becerra le cedio la cantidad de 2500$ a Lucas Becerra. (ON)
[2020/2/11 - 5:24:53] Registros: Lucas Becerra le cedio la cantidad de 1000$ a Lucas Becerra. (ON)
[2020/2/21 - 16:16:36] Registros: Lucas Buenardo le cedio la cantidad de 10000000$ a Lucas Buenardo. (ON)
[2020/2/28 - 15:47:37] Registros: Lucas Probandolaprob le cedio la cantidad de 100000$ a Lucas Probandolaprob. (ON)
[2020/2/28 - 15:52:20] Registros: Lucas Probandolaprob le cedio la cantidad de 1000000$ a Lucas Probandolaprob. (ON)
[2020/3/3 - 4:6:54] Registros: Annie Foster le cedio la cantidad de 60000$ a Annie Foster. (ON)
[2020/3/3 - 4:6:57] Registros: Annie Foster le cedio la cantidad de 600000$ a Annie Foster. (ON)
[2020/3/5 - 3:27:10] Registros: Lucas Becerra le cedio la cantidad de 100000$ a Lucas Becerra. (ON)
[2020/3/5 - 4:14:13] Registros: Lucas Becerra le cedio la cantidad de 5000000$ a Lucas Becerra. (ON)
[2020/3/7 - 4:15:44] Registros: Patricia Valor le cedio la cantidad de 1000000$ a Patricia Valor. (ON)
[2020/3/7 - 4:16:26] Registros: Maximo Rothwell le cedio la cantidad de 500000$ a Maximo Rothwell. (ON)
[2020/3/7 - 9:7:32] Registros: Patricia Valor le cedio la cantidad de 1000000$ a Patricia Valor. (ON)
[2021/2/26 - 16:42:45] Registros: Lucas Becerra le cedio la cantidad de 1000000$ a Lucas Becerra. (ON)
[2021/8/6 - 12:26:46] Registros: Lucas Becerra le cedio la cantidad de 1000000$ a Lucas Becerra. (ON)
