[2020/1/2 - 11:25:24] [Administración]{FFFFFF} Lucas Becerra ha asignado moderador de facciones a Lucas Becerra
[2020/1/2 - 20:36:35] [Administración]{FFFFFF} Lucas Becerra ha asignado moderador del staff a Lucas Becerra
[2020/1/3 - 1:30:36] [Administración]{FFFFFF} Lucas Becerra ha asignado moderador de familias a Lucas Becerra
[2020/1/3 - 9:59:36] [Administración]{FFFFFF} Lucas Becerra ha asignado encargado de rol a Lucas Becerra
[2020/1/4 - 5:18:2] [Administración]{FFFFFF} Annie Foster ha asignado moderador de facciones a Annie Foster
[2020/1/4 - 6:13:0] [Administración]{FFFFFF} Annie ha asignado moderador de familias a Annie
[2020/1/24 - 16:28:10] [Administración]{FFFFFF} Annie Foster ha asignado moderador del staff a Annie Foster
[2020/1/24 - 17:53:30] [Administración]{FFFFFF} Annie ha asignado moderador de facciones a Jennifer Lawrence
[2020/1/24 - 17:53:30] [Administración]{FFFFFF} Annie ha asignado moderador de facciones a Annie
[2020/2/11 - 5:29:36] [Patricia]{FFFFFF} Lucas Becerra ha asignado moderador de facciones a Lucas Becerra
[2020/2/11 - 5:29:40] [Patricia]{FFFFFF} Lucas Becerra ha asignado moderador de ban a Lucas Becerra
[2020/2/11 - 5:29:45] [Patricia]{FFFFFF} Lucas Becerra ha asignado moderador del staff a Lucas Becerra
[2020/2/11 - 5:42:16] [Patricia]{FFFFFF} Lucas Becerrax ha asignado moderador de facciones a Lucas Becerrax
[2020/2/16 - 14:2:26] [Patricia]{FFFFFF} Lucas Buenardo ha asignado moderador de facciones a Lucas Buenardo
[2020/2/16 - 14:2:36] [Patricia]{FFFFFF} Lucas Buenardo ha asignado moderador de familias a Lucas Buenardo
[2020/2/16 - 14:2:44] [Patricia]{FFFFFF} Lucas Buenardo ha asignado moderador de ban a Lucas Buenardo
[2020/2/16 - 14:2:58] [Patricia]{FFFFFF} Lucas Buenardo ha asignado encargado de rol a Lucas Buenardo
[2020/3/3 - 2:4:21] [Patricia]{FFFFFF} Annie Foster ha asignado moderador de facciones a Annie Foster
[2020/3/5 - 2:58:11] [Patricia]{FFFFFF} Lucas Becerra ha asignado moderador de familias a Lucas Becerra
[2020/3/5 - 3:39:56] [Patricia]{FFFFFF} Lucas Becerra ha asignado moderador de facciones a Lucas Becerra
[2020/3/5 - 3:50:47] [Patricia]{FFFFFF} Lucas Becerra ha asignado encargado de rol a Lucas Becerra
[2020/3/5 - 3:57:26] [Patricia]{FFFFFF} Lucas Becerra ha asignado moderador del staff a Lucas Becerra
[2020/3/7 - 4:4:26] [Patricia]{FFFFFF} Patricia Valor ha asignado moderador del staff a Patricia Valor
[2020/3/7 - 4:5:44] [Patricia]{FFFFFF} Maximo Rothwell ha asignado moderador de familias a Maximo Rothwell
[2020/3/7 - 4:5:45] [Patricia]{FFFFFF} Maximo Rothwell ha asignado moderador de facciones a Maximo Rothwell
[2020/3/7 - 4:12:53] [Patricia]{FFFFFF} Patricia Valor ha asignado moderador de facciones a Patricia Valor
[2020/3/7 - 4:34:17] [Patricia]{FFFFFF} Patricia Valor ha asignado moderador de familias a Patricia Valor
[2021/8/6 - 14:6:4] [i-Bot]{FFFFFF} Lucas Becerra ha asignado encargado de rol a Lucas Becerra
[2021/8/6 - 14:54:29] [i-Bot]{FFFFFF} Lucas Becerra ha asignado moderador del staff a Lucas Becerra
[2021/8/6 - 15:1:26] [i-Bot]{FFFFFF} Lucas Becerra ha asignado moderador del staff a Lucas Becerra
[2021/8/6 - 15:1:41] [i-Bot]{FFFFFF} Lucas Becerra ha asignado encargado de rol a Lucas Becerra
[2021/8/6 - 15:1:43] [i-Bot]{FFFFFF} Lucas Becerra ha asignado moderador de facciones a Lucas Becerra
[2021/8/6 - 15:1:46] [i-Bot]{FFFFFF} Lucas Becerra ha asignado moderador de familias a Lucas Becerra
