[2020/1/2 - 11:19:22] Registros: Lucas Becerra ha creado el negocio ID 0.
[2020/1/2 - 11:19:46] Registros: Lucas Becerra ha creado el negocio ID 1.
[2020/1/2 - 11:19:59] Registros: Lucas Becerra ha creado el negocio ID 2.
[2020/1/2 - 11:20:27] Registros: Lucas Becerra ha comprado el negocio id 2.
[2020/1/2 - 11:20:52] Registros: Lucas Becerra ha creado el negocio ID 2.
[2020/1/2 - 20:3:8] Registros: Lucas Becerra ha creado el negocio ID 3.
[2020/1/2 - 21:56:0] Registros: Lucas Becerra ha creado el negocio ID 4.
[2020/1/4 - 5:33:41] Registros: Lucas Becerra ha creado el negocio ID 5.
[2020/1/4 - 6:49:30] Registros: Templario ha creado el negocio ID 6.
[2020/1/4 - 6:54:45] Registros: Lucas Becerra ha creado el negocio ID 7.
[2020/1/4 - 6:55:35] Registros: Lucas Becerra ha comprado el negocio id 7.
[2020/1/4 - 7:8:6] Registros: Templario ha creado el negocio ID 8.
[2020/1/5 - 5:1:54] Registros: Lucas Becerra ha creado el negocio ID 9.
[2020/1/17 - 11:7:27] Registros: Lucas Becerra ha creado el negocio ID 10.
[2020/2/3 - 6:22:44] Registros: Lucas Becerra ha comprado el negocio id 4.
[2020/2/21 - 16:16:15] Registros: Lucas Buenardo ha creado el negocio ID 11.
[2020/2/21 - 16:16:41] Registros: Lucas Buenardo ha comprado el negocio id 11.
[2020/2/24 - 15:3:57] Registros: Lucas Buenardo ha creado el negocio ID 12.
[2020/2/24 - 17:3:5] Registros: Lucas Buenardo ha creado el negocio ID 4.
[2020/2/24 - 17:3:25] Registros: Lucas Buenardo ha creado el negocio ID 4.
[2020/2/28 - 15:58:55] Registros: Lucas Probandolaprob ha creado el negocio ID 13.
[2020/2/28 - 15:59:30] Registros: Lucas Probandolaprob ha creado el negocio ID 14.
[2020/2/28 - 16:0:3] Registros: Lucas Probandolaprob ha comprado el negocio id 14.
[2020/2/28 - 16:1:27] Registros: Lucas Probandolaprob ha creado el negocio ID 14.
[2020/2/28 - 16:11:27] Registros: Lucas Probandolaprob ha creado el negocio ID 15.
[2020/3/5 - 4:13:10] Registros: Lucas Becerra ha creado el negocio ID 11.
[2020/3/5 - 4:14:18] Registros: Lucas Becerra ha comprado el negocio id 11.
[2020/3/7 - 9:3:21] Registros: Patricia Valor ha creado el negocio ID 16.
[2020/3/7 - 9:4:53] Registros: Patricia Valor ha puesto el negocio ID 2 precio $1000000.
[2020/3/7 - 9:5:10] Registros: Patricia Valor ha puesto el negocio ID 2 precio $85000.
[2020/3/7 - 9:5:12] Registros: Patricia Valor ha puesto el negocio ID 2 precio $850000.
[2020/3/7 - 10:25:33] Registros: Patricia Valor ha comprado el negocio id 11.
[2021/8/5 - 19:57:27] Registros: Lucas Becerra ha creado el negocio ID 4.
[2021/8/5 - 19:57:55] Registros: Lucas Becerra ha comprado el negocio id 4.
[2021/8/7 - 3:56:29] Registros: Lucas Becerra ha creado el negocio ID 7.
