[2020/1/3 - 9:59:41] Registros: Lucas Becerra dió un punto de rol a Lucas Becerra. Razón: Rolero.
[2020/1/4 - 2:55:15] Registros: Lucas Becerra le quitó un punto de rol a Lucas Becerra
[2020/1/4 - 3:12:6] Registros: Lucas Becerra dió un punto de rol a Lucas Becerra. Razón: ..
[2020/1/4 - 5:10:12] Registros: Lucas Becerra dió un punto de rol a Annie Foster. Razón: rolero.
[2020/1/4 - 23:8:44] Registros: Lucas Becerra dió un punto de rol a Hutred Harley. Razón: rolero.
[2020/1/4 - 23:16:51] Registros: Lucas Becerra le quitó un punto de rol a Lucas Becerra
[2020/1/4 - 23:24:17] Registros: Lucas Becerra dió un punto de rol a Lucas Becerra. Razón: muy guapo.
[2020/1/4 - 23:26:55] Registros: Lucas Becerra le quitó un punto de rol a Lucas Becerra
[2020/1/4 - 23:27:3] Registros: Lucas Becerra le quitó un punto de rol a Templario
[2020/1/6 - 5:0:5] Registros: Lucas Becerra dió un punto de rol a Lucas Becerra. Razón: 1.
[2020/1/19 - 22:40:36] Registros: Lucas Becerra le quitó un punto de rol a Lucas Becerra
[2020/1/19 - 22:40:45] Registros: Lucas Becerra dió un punto de rol a Lucas Becerra. Razón: roleo.
[2020/2/1 - 0:5:43] Registros: Lucas Becerra le quitó un punto de rol a Lucas Becerra
[2020/2/1 - 0:5:44] Registros: Lucas Becerra le quitó un punto de rol a Lucas Becerra
[2020/2/1 - 0:5:45] Registros: Lucas Becerra le quitó un punto de rol a Lucas Becerra
[2020/2/1 - 0:5:46] Registros: Lucas Becerra le quitó un punto de rol a Lucas Becerra
[2020/2/1 - 0:5:47] Registros: Lucas Becerra le quitó un punto de rol a Lucas Becerra
[2020/2/1 - 0:5:47] Registros: Lucas Becerra le quitó un punto de rol a Lucas Becerra
[2020/2/1 - 0:5:48] Registros: Lucas Becerra le quitó un punto de rol a Lucas Becerra
[2020/2/1 - 0:5:48] Registros: Lucas Becerra le quitó un punto de rol a Lucas Becerra
[2020/2/1 - 0:5:49] Registros: Lucas Becerra le quitó un punto de rol a Lucas Becerra
[2020/2/1 - 0:6:4] Registros: Lucas Becerra dió un punto de rol a Lucas Becerra. Razón: 1.
[2020/2/1 - 0:6:5] Registros: Lucas Becerra dió un punto de rol a Lucas Becerra. Razón: 1.
[2020/2/1 - 0:6:5] Registros: Lucas Becerra dió un punto de rol a Lucas Becerra. Razón: 1.
[2020/2/1 - 0:6:6] Registros: Lucas Becerra dió un punto de rol a Lucas Becerra. Razón: 1.
[2020/2/1 - 0:6:7] Registros: Lucas Becerra dió un punto de rol a Lucas Becerra. Razón: 1.
[2020/2/1 - 0:6:7] Registros: Lucas Becerra dió un punto de rol a Lucas Becerra. Razón: 1.
[2020/2/1 - 0:6:8] Registros: Lucas Becerra dió un punto de rol a Lucas Becerra. Razón: 1.
[2020/2/1 - 0:6:9] Registros: Lucas Becerra dió un punto de rol a Lucas Becerra. Razón: 1.
[2020/2/1 - 0:6:30] Registros: Lucas Becerra dió un punto de rol a Lucas Becerra. Razón: ro..
[2020/3/5 - 3:50:50] Registros: Lucas Becerra dió un punto de rol a Lucas Becerra. Razón: 1.
[2020/3/5 - 3:51:25] Registros: Noah Rothwell dió un punto de rol a Noah Rothwell. Razón: a.
